["this string is very long and only has english letters and is therefore considered a long-ascii field in smile"]
