["Do we accept sixty-character strings with non-ASCII charsâ€½"]
