{ "neg17": -17
, "neg16": -16
, "neg15": -15
, "neg1": -1
, "zero": 0
, "pos1": 1
, "pos14": 14
, "pos15": 15
, "pos16": 16
}
