-576423462756432564723645273642467523645276423465
