{"Do we allow sixty-character keyname with non-ASCII charsâ€½": "yes"}
